// Vitest Snapshot v1, https://vitest.dev/guide/snapshot.html

exports[`App UI > should render correctly with the prompt input box 1`] = `
"

╭────────────────────────────────────────────────────────────────────────────────────────╮
│ >   Type your message or @path/to/file                                                 │
╰────────────────────────────────────────────────────────────────────────────────────────╯
/test/dir                no sandbox (see /docs)                  model (100% context left)"
`;

exports[`App UI > should render the initial UI correctly 1`] = `
"
 I'm Feeling Lucky (esc to cancel, 0s)


/test/dir                no sandbox (see /docs)                  model (100% context left)"
`;
